// Jest Snapshot v1, https://goo.gl/fbAQLP

exports[`Render form 1`] = `
<form
  onSubmit={[Function]}
>
  <input
    onChange={[Function]}
    value=""
  />
  <button>
    Add item
  </button>
</form>
`;
